WARNING: A restricted method in java.lang.System has been called
WARNING: java.lang.System::load has been called by net.rubygrapefruit.platform.internal.NativeLibraryLoader in an unnamed module (file:/C:/Users/Administrator/.gradle/wrapper/dists/gradle-8.8-bin/dl7vupf4psengwqhwktix4v1/gradle-8.8/lib/native-platform-0.22-milestone-26.jar)
WARNING: Use --enable-native-access=ALL-UNNAMED to avoid a warning for callers in this module
WARNING: Restricted methods will be blocked in a future release unless native access is enabled

To honour the JVM settings for this build a single-use Daemon process will be forked. For more on this, please refer to https://docs.gradle.org/8.8/userguide/gradle_daemon.html#sec:disabling_the_daemon in the Gradle documentation.
Daemon will be stopped at the end of the build 

> Configure project :
MixinGradle did not locate the diffplug APT plugin, skipping eclipse task configuration

> Task :downloadMcpConfig
> Task :extractSrg UP-TO-DATE
> Task :createMcpToSrg UP-TO-DATE

> Task :compileJava
注: SpongePowered MIXIN Annotation Processor Version=0.8.5 (MixinGradle Version=0.7)
注: Supported obfuscation types: ObfuscationServiceMCP supports [notch] ObfuscationServiceFG3 supports [searge]
注: Loading searge mappings from F:\IDEA\zifeng_s_custom_skill_tree_1.20.1\build\createMcpToSrg\output.tsrg
F:\IDEA\zifeng_s_custom_skill_tree_1.20.1\src\main\java\org\zifeng\skilltree\mixin\ItemStackMixin.java:30: 警告: Unable to locate method mapping for @At(INVOKE.<target>) 'Lnet/minecraft/world/item/Item;damageItem(Lnet/minecraft/world/item/ItemStack;ILnet/minecraft/world/entity/LivingEntity;Ljava/util/function/Consumer;)I'
    @Redirect(
    ^
F:\IDEA\zifeng_s_custom_skill_tree_1.20.1\src\main\java\org\zifeng\skilltree\mixin\ServerPlayerGameModeMixin.java:40: 警告: Unable to locate method mapping for @At(INVOKE.<target>) 'Lnet/minecraft/world/level/block/state/BlockState;canHarvestBlock(Lnet/minecraft/world/level/BlockGetter;Lnet/minecraft/core/BlockPos;Lnet/minecraft/world/entity/player/Player;)Z'
    @Redirect(method = "destroyBlock",
    ^
注: Writing refmap to F:\IDEA\zifeng_s_custom_skill_tree_1.20.1\build\tmp\compileJava\compileJava-refmap.json
注: Writing refmap to F:\IDEA\zifeng_s_custom_skill_tree_1.20.1\build\tmp\compileJava\compileJava-refmap.json
注: Writing searge composite mappings to F:\IDEA\zifeng_s_custom_skill_tree_1.20.1\build\tmp\compileJava\compileJava-mappings.tsrg
注: Writing refmap to F:\IDEA\zifeng_s_custom_skill_tree_1.20.1\build\tmp\compileJava\compileJava-refmap.json
注: Writing refmap to F:\IDEA\zifeng_s_custom_skill_tree_1.20.1\build\tmp\compileJava\compileJava-refmap.json
注: Writing searge composite mappings to F:\IDEA\zifeng_s_custom_skill_tree_1.20.1\build\tmp\compileJava\compileJava-mappings.tsrg
注: 某些输入文件使用或覆盖了已过时的 API。
注: 有关详细信息, 请使用 -Xlint:deprecation 重新编译。
注: 某些输入文件使用了未经检查或不安全的操作。
注: 有关详细信息, 请使用 -Xlint:unchecked 重新编译。
2 个警告

> Task :addMixinsToJar
> Task :processResources
> Task :classes
> Task :jar
> Task :configureReobfTaskForReobfJar
> Task :reobfJar
> Task :configureReobfTaskForReobfJarJar
> Task :addMixinsToJarJar
> Task :jarJar SKIPPED
> Task :reobfJarJar SKIPPED
> Task :assemble
> Task :check
> Task :build

Deprecated Gradle features were used in this build, making it incompatible with Gradle 9.0.

You can use '--warning-mode all' to show the individual deprecation warnings and determine if they come from your own scripts or plugins.

For more on this, please refer to https://docs.gradle.org/8.8/userguide/command_line_interface.html#sec:command_line_warnings in the Gradle documentation.

BUILD SUCCESSFUL in 13s
11 actionable tasks: 9 executed, 2 up-to-date
EXITCODE=0 
